IDENTIFIER(test)(lineNum:1, charPos:1)
IDENTIFIER(main)(lineNum:2, charPos:1)
EOF(lineNum:3, charPos:1)
