GREATER_EQUAL(lineNum:1, charPos:1)
ASSIGN(lineNum:1, charPos:3)
EOF(lineNum:2, charPos:1)
