FLOAT(1.)(lineNum:1, charPos:1)
EOF(lineNum:2, charPos:1)
