LESSER_EQUAL(lineNum:1, charPos:1)
EQUAL(lineNum:1, charPos:3)
ASSIGN(lineNum:1, charPos:5)
EOF(lineNum:2, charPos:1)
