CALL(lineNum:1, charPos:1)
COLON(lineNum:1, charPos:3)
EOF(lineNum:2, charPos:1)
