9910992099
19911992199
29912992299
39913992399
49914992499
00