Error type-checking file.
TypeError(16,1)[Not all paths in function missingReturn1 have a return.]
TypeError(22,1)[Not all paths in function missingReturn2 have a return.]
TypeError(30,1)[Not all paths in function missingReturn3 have a return.]
TypeError(45,1)[Not all paths in function missingReturn4 have a return.]

