Error type-checking file.
TypeError(3,1)[Function foo has an error in argument in position 0: Unkown type: error]

