Error type-checking file.
TypeError(8,3)[WhileLoop requires bool condition not int.]
TypeError(9,3)[WhileLoop requires bool condition not float.]

