Error type-checking file.
TypeError(8,3)[Function myIntError returns int not float.]

