Error type-checking file.
TypeError(3,1)[Array x has invalid base type void.]

