Error type-checking file.
TypeError(3,1)[Function main has invalid signature.]

