Error parsing file.
ResolveSymbolError(15,13)[Could not find _.]
Symbol(readInt)
Symbol(readFloat)
Symbol(printBool)
Symbol(printInt)
Symbol(printFloat)
Symbol(println)
Symbol(gorn)
Symbol(main)
Symbol(kirk)
Symbol(destroy_all_humans)
  Symbol(lambda)
  Symbol(laMbda)
  Symbol(greek)
    Symbol(x)

ResolveSymbolError(17,9)[Could not find x.]
Symbol(readInt)
Symbol(readFloat)
Symbol(printBool)
Symbol(printInt)
Symbol(printFloat)
Symbol(println)
Symbol(gorn)
Symbol(main)
Symbol(kirk)
Symbol(destroy_all_humans)
  Symbol(lambda)
  Symbol(laMbda)
  Symbol(greek)

ResolveSymbolError(18,9)[Could not find y.]
Symbol(readInt)
Symbol(readFloat)
Symbol(printBool)
Symbol(printInt)
Symbol(printFloat)
Symbol(println)
Symbol(gorn)
Symbol(main)
Symbol(kirk)
Symbol(destroy_all_humans)
  Symbol(lambda)
  Symbol(laMbda)
  Symbol(greek)

DeclareSymbolError(21,5)[gorn already exists.]
Symbol(readInt)
Symbol(readFloat)
Symbol(printBool)
Symbol(printInt)
Symbol(printFloat)
Symbol(println)
Symbol(gorn)
Symbol(main)
Symbol(kirk)
Symbol(destroy_all_humans)


