Error parsing file.
DeclareSymbolError(3,26)[a already exists.]
Symbol(readInt)
Symbol(readFloat)
Symbol(printBool)
Symbol(printInt)
Symbol(printFloat)
Symbol(println)
Symbol(foo)
  Symbol(a)
  Symbol(b)


