Error parsing file.
SyntaxError(4,3)[Expected CLOSE_BRACE but got IDENTIFIER.]
SyntaxError(4,3)[Could not complete parsing.]
