PROGRAM
  DECLARATION_LIST
    DECLARATION
      FUNCTION_DEFINITION
        PARAMETER_LIST
        TYPE
        STATEMENT_BLOCK
          STATEMENT_LIST
            STATEMENT
              ASSIGNMENT_STATEMENT
                DESIGNATOR
                EXPRESSION0
                  EXPRESSION1
                    EXPRESSION2
                      EXPRESSION3
                        LITERAL
            STATEMENT
              ASSIGNMENT_STATEMENT
                DESIGNATOR
                EXPRESSION0
                  EXPRESSION1
                    EXPRESSION2
                      EXPRESSION3
                        EXPRESSION0
                          EXPRESSION1
                            EXPRESSION2
                              EXPRESSION3
                                LITERAL
                          OP0
                          EXPRESSION1
                            EXPRESSION2
                              EXPRESSION3
                                LITERAL
            STATEMENT
              ASSIGNMENT_STATEMENT
                DESIGNATOR
                EXPRESSION0
                  EXPRESSION1
                    EXPRESSION2
                      EXPRESSION3
                        LITERAL
                    OP1
                    EXPRESSION2
                      EXPRESSION3
                        LITERAL
            STATEMENT
              ASSIGNMENT_STATEMENT
                DESIGNATOR
                EXPRESSION0
                  EXPRESSION1
                    EXPRESSION2
                      EXPRESSION3
                        LITERAL
                    OP1
                    EXPRESSION2
                      EXPRESSION3
                        LITERAL
                    OP1
                    EXPRESSION2
                      EXPRESSION3
                        LITERAL
                    OP1
                    EXPRESSION2
                      EXPRESSION3
                        LITERAL
                    OP1
                    EXPRESSION2
                      EXPRESSION3
                        LITERAL

