PROGRAM
  DECLARATION_LIST
    DECLARATION
      FUNCTION_DEFINITION
        PARAMETER_LIST
          PARAMETER
            TYPE
          PARAMETER
            TYPE
          PARAMETER
            TYPE
        TYPE
        STATEMENT_BLOCK
          STATEMENT_LIST
            STATEMENT
              CALL_STATEMENT
                CALL_EXPRESSION
                  EXPRESSION_LIST

