PROGRAM
  DECLARATION_LIST
    DECLARATION
      VARIABLE_DECLARATION
        TYPE
    DECLARATION
      VARIABLE_DECLARATION
        TYPE
    DECLARATION
      VARIABLE_DECLARATION
        TYPE
    DECLARATION
      VARIABLE_DECLARATION
        TYPE

