PROGRAM
  DECLARATION_LIST
    DECLARATION
      FUNCTION_DEFINITION
        PARAMETER_LIST
        TYPE
        STATEMENT_BLOCK
          STATEMENT_LIST
            STATEMENT
              CALL_STATEMENT
                CALL_EXPRESSION
                  EXPRESSION_LIST
            STATEMENT
              CALL_STATEMENT
                CALL_EXPRESSION
                  EXPRESSION_LIST
                    EXPRESSION0
                      EXPRESSION1
                        EXPRESSION2
                          EXPRESSION3
                            LITERAL
            STATEMENT
              CALL_STATEMENT
                CALL_EXPRESSION
                  EXPRESSION_LIST
                    EXPRESSION0
                      EXPRESSION1
                        EXPRESSION2
                          EXPRESSION3
                            LITERAL
                    EXPRESSION0
                      EXPRESSION1
                        EXPRESSION2
                          EXPRESSION3
                            LITERAL
                    EXPRESSION0
                      EXPRESSION1
                        EXPRESSION2
                          EXPRESSION3
                            LITERAL
                    EXPRESSION0
                      EXPRESSION1
                        EXPRESSION2
                          EXPRESSION3
                            LITERAL
                    EXPRESSION0
                      EXPRESSION1
                        EXPRESSION2
                          EXPRESSION3
                            LITERAL
                    EXPRESSION0
                      EXPRESSION1
                        EXPRESSION2
                          EXPRESSION3
                            LITERAL
                    EXPRESSION0
                      EXPRESSION1
                        EXPRESSION2
                          EXPRESSION3
                            LITERAL

