PROGRAM
  DECLARATION_LIST
    DECLARATION
      FUNCTION_DEFINITION
        PARAMETER_LIST
        TYPE
        STATEMENT_BLOCK
          STATEMENT_LIST
            STATEMENT
              WHILE_STATEMENT
                EXPRESSION0
                  EXPRESSION1
                    EXPRESSION2
                      EXPRESSION3
                        LITERAL
                STATEMENT_BLOCK
                  STATEMENT_LIST
                    STATEMENT
                      IF_STATEMENT
                        EXPRESSION0
                          EXPRESSION1
                            EXPRESSION2
                              EXPRESSION3
                                LITERAL
                        STATEMENT_BLOCK
                          STATEMENT_LIST
                            STATEMENT
                              IF_STATEMENT
                                EXPRESSION0
                                  EXPRESSION1
                                    EXPRESSION2
                                      EXPRESSION3
                                        LITERAL
                                STATEMENT_BLOCK
                                  STATEMENT_LIST
                                    STATEMENT
                                      WHILE_STATEMENT
                                        EXPRESSION0
                                          EXPRESSION1
                                            EXPRESSION2
                                              EXPRESSION3
                                                DESIGNATOR
                                        STATEMENT_BLOCK
                                          STATEMENT_LIST
                                            STATEMENT
                                              CALL_STATEMENT
                                                CALL_EXPRESSION
                                                  EXPRESSION_LIST
                                STATEMENT_BLOCK
                                  STATEMENT_LIST
                                    STATEMENT
                                      CALL_STATEMENT
                                        CALL_EXPRESSION
                                          EXPRESSION_LIST
                    STATEMENT
                      CALL_STATEMENT
                        CALL_EXPRESSION
                          EXPRESSION_LIST
            STATEMENT
              CALL_STATEMENT
                CALL_EXPRESSION
                  EXPRESSION_LIST

