PROGRAM
  DECLARATION_LIST
    DECLARATION
      FUNCTION_DEFINITION
        PARAMETER_LIST
        TYPE
        STATEMENT_BLOCK
          STATEMENT_LIST
            STATEMENT
              ASSIGNMENT_STATEMENT
                DESIGNATOR
                EXPRESSION0
                  EXPRESSION1
                    EXPRESSION2
                      EXPRESSION3
                        LITERAL
                      OP2
                      EXPRESSION3
                        LITERAL
                      OP2
                      EXPRESSION3
                        EXPRESSION3
                          LITERAL
                  OP0
                  EXPRESSION1
                    EXPRESSION2
                      EXPRESSION3
                        DESIGNATOR
                          EXPRESSION0
                            EXPRESSION1
                              EXPRESSION2
                                EXPRESSION3
                                  LITERAL
                    OP1
                    EXPRESSION2
                      EXPRESSION3
                        LITERAL
                    OP1
                    EXPRESSION2
                      EXPRESSION3
                        CALL_EXPRESSION
                          EXPRESSION_LIST
                            EXPRESSION0
                              EXPRESSION1
                                EXPRESSION2
                                  EXPRESSION3
                                    LITERAL
                    OP1
                    EXPRESSION2
                      EXPRESSION3
                        EXPRESSION0
                          EXPRESSION1
                            EXPRESSION2
                              EXPRESSION3
                                EXPRESSION0
                                  EXPRESSION1
                                    EXPRESSION2
                                      EXPRESSION3
                                        EXPRESSION0
                                          EXPRESSION1
                                            EXPRESSION2
                                              EXPRESSION3
                                                LITERAL

