ast.DeclarationList(3,1)
  ast.FunctionDefinition(3,1)[Symbol(main), []]
    ast.StatementList(4,3)
      ast.IfElseBranch(4,3)
        ast.LiteralBool(4,11)[TRUE]
        ast.StatementList(5,5)
          ast.Call(5,5)[Symbol(printInt)]
            ast.ExpressionList(5,16)
              ast.LiteralInt(5,16)[5]
        ast.StatementList(7,1)

